WARNING: While bind mounting '/scratch/td2248/projects/utility_share_A_decomposition_v1/source/code/model/tools/e5f_evening_calibration_runtime.py:/Users/tommasodesanto/Desktop/Projects/Fertility/Fertility_Spring26/code/model/tools/e5f_evening_calibration_runtime.py': destination is already in the mount point list
WARNING: While bind mounting '/scratch/td2248/projects/utility_share_A_decomposition_v1/source/output/model/fertility_identification_20260928/contract_v1/primary_objective.json:/Users/tommasodesanto/Desktop/Projects/Fertility/Fertility_Spring26/output/model/fertility_identification_20260928/contract_v1/primary_objective.json': destination is already in the mount point list
WARNING: While bind mounting '/scratch/td2248/projects/utility_share_A_decomposition_v1/source/output/model/fertility_identification_20260928/two_stream_overnight_v1/config.json:/Users/tommasodesanto/Desktop/Projects/Fertility/Fertility_Spring26/output/model/fertility_identification_20260928/two_stream_overnight_v1/config.json': destination is already in the mount point list
WARNING: While bind mounting '/scratch/td2248/projects/utility_share_A_decomposition_v1/source/output/model/fertility_identification_20260928/two_stream_overnight_v1/search.py:/Users/tommasodesanto/Desktop/Projects/Fertility/Fertility_Spring26/output/model/fertility_identification_20260928/two_stream_overnight_v1/search.py': destination is already in the mount point list
Traceback (most recent call last):
  File "/Users/tommasodesanto/Desktop/Projects/Fertility/Fertility_Spring26/output/model/fixed_reference_economics_20260928/utility_share_A_decomposition_v1/runner.py", line 230, in <module>
    if __name__=='__main__':main()
                            ~~~~^^
  File "/Users/tommasodesanto/Desktop/Projects/Fertility/Fertility_Spring26/output/model/fixed_reference_economics_20260928/utility_share_A_decomposition_v1/runner.py", line 223, in main
    if args.mode=='initialize-only':initialize(args.output);return
                                    ~~~~~~~~~~^^^^^^^^^^^^^
  File "/Users/tommasodesanto/Desktop/Projects/Fertility/Fertility_Spring26/output/model/fixed_reference_economics_20260928/utility_share_A_decomposition_v1/runner.py", line 61, in initialize
    native.install_reporter_on_authored(base.authored);base.authored.authenticate_frozen(ctx)
                                                       ~~~~~~~~~~~~~~~~~~~~~~~~~~~~~~~~~^^^^^
  File "/Users/tommasodesanto/Desktop/Projects/Fertility/Fertility_Spring26/output/model/fixed_reference_economics_20260928/utility_floor_round2_v1/runner.py", line 253, in authenticate
    result=original(ctx);fp=ctx['fp']
  File "/Users/tommasodesanto/Desktop/Projects/Fertility/Fertility_Spring26/output/model/publication_refactor_20260929/small_credit_replication_v1/arms/indexed/driver.py", line 89, in authenticate_frozen
    digest = hashlib.sha256(path.read_bytes()).hexdigest()
                            ~~~~~~~~~~~~~~~^^
  File "/share/apps/anaconda3/2025.06/lib/python3.13/pathlib/_abc.py", line 625, in read_bytes
    with self.open(mode='rb') as f:
         ~~~~~~~~~^^^^^^^^^^^
  File "/Users/tommasodesanto/Desktop/Projects/Fertility/Fertility_Spring26/output/model/fixed_reference_economics_20260928/utility_floor_round2_v1/local_run/bootstrap.py", line 26, in <lambda>
    Path.open=lambda self,mode="r",*args,**kwargs:redirected_open(self,mode,*args,**kwargs)
                                                  ~~~~~~~~~~~~~~~^^^^^^^^^^^^^^^^^^^^^^^^^^
  File "/Users/tommasodesanto/Desktop/Projects/Fertility/Fertility_Spring26/output/model/fixed_reference_economics_20260928/utility_floor_round2_v1/local_run/bootstrap.py", line 19, in redirected_open
    return old_io_open(target,mode,*args,**kwargs)
FileNotFoundError: [Errno 2] No such file or directory: '/Users/tommasodesanto/Desktop/Projects/Fertility/Fertility_Spring26/output/model/fixed_reference_economics_20260928/sources/fixed_price_v1/run_fixed_price.py'
