WARNING: While bind mounting '/scratch/td2248/projects/normalized_calibration_v1/source/code/model/tools/e5f_evening_calibration_runtime.py:/Users/tommasodesanto/Desktop/Projects/Fertility/Fertility_Spring26/code/model/tools/e5f_evening_calibration_runtime.py': destination is already in the mount point list
WARNING: While bind mounting '/scratch/td2248/projects/normalized_calibration_v1/source/output/model/fertility_identification_20260928/contract_v1/primary_objective.json:/Users/tommasodesanto/Desktop/Projects/Fertility/Fertility_Spring26/output/model/fertility_identification_20260928/contract_v1/primary_objective.json': destination is already in the mount point list
WARNING: While bind mounting '/scratch/td2248/projects/normalized_calibration_v1/source/output/model/fertility_identification_20260928/two_stream_overnight_v1/config.json:/Users/tommasodesanto/Desktop/Projects/Fertility/Fertility_Spring26/output/model/fertility_identification_20260928/two_stream_overnight_v1/config.json': destination is already in the mount point list
WARNING: While bind mounting '/scratch/td2248/projects/normalized_calibration_v1/source/output/model/fertility_identification_20260928/two_stream_overnight_v1/search.py:/Users/tommasodesanto/Desktop/Projects/Fertility/Fertility_Spring26/output/model/fertility_identification_20260928/two_stream_overnight_v1/search.py': destination is already in the mount point list
Matplotlib is building the font cache; this may take a moment.
Traceback (most recent call last):
  File "/Users/tommasodesanto/Desktop/Projects/Fertility/Fertility_Spring26/output/model/transition_readiness_v1/normalized_restart_v1/resume_preparation/deployment/v2/prepare_only.py", line 13, in <module>
    controller.prepare()
    ~~~~~~~~~~~~~~~~~~^^
  File "/Users/tommasodesanto/Desktop/Projects/Fertility/Fertility_Spring26/code/model/experiments/transition_readiness/one_shock_floor.py", line 930, in prepare
    self.account(self.runtime.restore_native_reference(preparation,self.out/'native_reference'))
                 ~~~~~~~~~~~~~~~~~~~~~~~~~~~~~~~~~~~~~^^^^^^^^^^^^^^^^^^^^^^^^^^^^^^^^^^^^^^^^^
  File "/Users/tommasodesanto/Desktop/Projects/Fertility/Fertility_Spring26/code/model/experiments/transition_readiness/one_shock_floor.py", line 694, in restore_native_reference
    self.reference=self.rt.restore_reference(dict(preparation['reference_checkpoint'],
                   ~~~~~~~~~~~~~~~~~~~~~~~~~^^^^^^^^^^^^^^^^^^^^^^^^^^^^^^^^^^^^^^^^^^
        receipt=preparation['reconstruction_receipt']),folder)
        ^^^^^^^^^^^^^^^^^^^^^^^^^^^^^^^^^^^^^^^^^^^^^^^^^^^^^^
  File "/Users/tommasodesanto/Desktop/Projects/Fertility/Fertility_Spring26/code/model/experiments/transition_readiness/floor_runtime.py", line 580, in restore_reference
    return self.load_reconstructed_reference(pin_checkpoint['receipt'],folder)
           ~~~~~~~~~~~~~~~~~~~~~~~~~~~~~~~~~^^^^^^^^^^^^^^^^^^^^^^^^^^^^^^^^^^
  File "/Users/tommasodesanto/Desktop/Projects/Fertility/Fertility_Spring26/code/model/experiments/transition_readiness/floor_runtime.py", line 562, in load_reconstructed_reference
    with self.native_bindings():
         ~~~~~~~~~~~~~~~~~~~~^^
  File "/share/apps/anaconda3/2025.06/lib/python3.13/contextlib.py", line 141, in __enter__
    return next(self.gen)
  File "/Users/tommasodesanto/Desktop/Projects/Fertility/Fertility_Spring26/code/model/experiments/transition_readiness/floor_runtime.py", line 387, in native_bindings
    require(self.model.solve_bellman_full_markov_income is household.solve_bellman_full_markov_income,'Wrong backward callee')
    ~~~~~~~^^^^^^^^^^^^^^^^^^^^^^^^^^^^^^^^^^^^^^^^^^^^^^^^^^^^^^^^^^^^^^^^^^^^^^^^^^^^^^^^^^^^^^^^^^^^^^^^^^^^^^^^^^^^^^^^^^^
  File "/Users/tommasodesanto/Desktop/Projects/Fertility/Fertility_Spring26/code/model/experiments/transition_readiness/floor_runtime.py", line 15, in require
    if not ok: raise RuntimeError(message)
               ^^^^^^^^^^^^^^^^^^^^^^^^^^^
RuntimeError: Wrong backward callee
