Saved case: /Users/tommasodesanto/Desktop/Projects/Fertility/Fertility_Spring26/output/model/experiments/birth_count_choice/cap2_at_binary_winner_v1/cases/20261004T150401752556Z_701c4377
Wrote 7 plots and aggregate tables to /Users/tommasodesanto/Desktop/Projects/Fertility/Fertility_Spring26/output/model/experiments/birth_count_choice/cap2_at_binary_winner_v1/cases/20261004T150401752556Z_701c4377/aggregate_plots
{
  "status": "complete",
  "case": "/Users/tommasodesanto/Desktop/Projects/Fertility/Fertility_Spring26/output/model/experiments/birth_count_choice/cap2_at_binary_winner_v1/cases/20261004T150401752556Z_701c4377",
  "price": 0.9993357572381502,
  "closure": {
    "price": 0.9993357572381502,
    "d_bar": 0.0,
    "adjusted_births_per_normalized_household": 0.12964023411708356,
    "actual_entry_per_normalized_household": 0.061733456180758046,
    "renewal_residual": -1.8406711566054668e-07,
    "population_scale": 1.378613699597655,
    "normalized_housing_demand": 4.787409903628503,
    "physical_housing_supply": 6.599988878731743,
    "absolute_housing_demand": 6.599988878731743,
    "absolute_housing_residual": 0.0,
    "actual_paygo_residual": 8.633938012719486e-14,
    "outside_entry": 0.0,
    "birth_to_entry_conversion": 0.47619047619047616,
    "housing_supply_elasticity": 0.63,
    "occupied_renter_floor": {
      "violation_mass": 0.0,
      "maximum_shortfall": 0.0,
      "occupied_renter_mass": 0.35203542355064427
    },
    "native_population_step": {
      "actual_birth_derived_entry": 0.08510657274898033,
      "required_entry": 0.08510658841430457,
      "entry_gap": -1.5665324246127987e-08,
      "raw_distribution_l1": 1.5665340786626334e-08,
      "renewal_adjusted_distribution_l1": 1.6545462863008342e-14,
      "mass_residual": -2.220446049250313e-16,
      "deaths": 0.08510658841428811
    },
    "standard_plot_count": 17,
    "target_fit_rows": 14,
    "parameter_rows": 31,
    "standard_plot_supply_units": "physical supply divided by endogenous household population",
    "closure_mode": "fixed_h0",
    "implied_H0_at_population_one": 4.442546349955885,
    "fixed_h0_population_scale": 1.378613699597655,
    "status": "converged"
  },
  "target_rows": 14,
  "parameter_rows": 31,
  "standard_figures": 17,
  "new_contract_loss": 1386.601504576907
}
