Traceback (most recent call last):
  File "<stdin>", line 9, in <module>
  File "/Users/tommasodesanto/Desktop/Projects/Fertility/Fertility_Spring26/output/model/transition_readiness_v1/current_baseline_20261003/two_shock_v1/execution_smoke_v2/frozen/source/code/model/experiments/birth_count_choice/two_shock_runtime.py", line 265, in build_runtime
    return NativeRuntime(plan,output)
  File "/Users/tommasodesanto/Desktop/Projects/Fertility/Fertility_Spring26/output/model/transition_readiness_v1/current_baseline_20261003/two_shock_v1/execution_smoke_v2/frozen/source/code/model/experiments/birth_count_choice/two_shock_runtime.py", line 168, in __init__
    self.rt=module.CurrentEstateARuntime.from_handoff(base['handoff'],self.output/'constructor')
            ~~~~~~~~~~~~~~~~~~~~~~~~~~~~~~~~~~~~~~~~~^^^^^^^^^^^^^^^^^^^^^^^^^^^^^^^^^^^^^^^^^^^
  File "/Users/tommasodesanto/Desktop/Projects/Fertility/Fertility_Spring26/output/model/transition_readiness_v1/current_baseline_20261003/two_shock_v1/execution_smoke_v2/frozen/source/code/model/experiments/birth_count_choice/transition_runtime.py", line 281, in from_handoff
    self.ctx = reporting.build_context(self.P, self.grid, self.folder, price_start=self.reference_price,
               ~~~~~~~~~~~~~~~~~~~~~~~^^^^^^^^^^^^^^^^^^^^^^^^^^^^^^^^^^^^^^^^^^^^^^^^^^^^^^^^^^^^^^^^^^
        deadline=float('inf'), max_lifecycle=0, closure='fixed_h0')
        ^^^^^^^^^^^^^^^^^^^^^^^^^^^^^^^^^^^^^^^^^^^^^^^^^^^^^^^^^^^
  File "/Users/tommasodesanto/Desktop/Projects/Fertility/Fertility_Spring26/output/model/transition_readiness_v1/current_baseline_20261003/two_shock_v1/execution_smoke_v2/frozen/source/code/model/experiments/birth_count_choice/model/reporting.py", line 113, in build_context
    authored.authenticate_frozen(initial)
    ~~~~~~~~~~~~~~~~~~~~~~~~~~~~^^^^^^^^^
  File "/Users/tommasodesanto/Desktop/Projects/Fertility/Fertility_Spring26/output/model/transition_readiness_v1/current_baseline_20261003/two_shock_v1/execution_smoke_v2/frozen/source/output/model/publication_refactor_20260929/small_credit_replication_v1/arms/indexed/driver.py", line 100, in authenticate_frozen
    manifest, _unused, objective, runtime, prepared, reference = fp.authenticate(auth_dir)
                                                                 ~~~~~~~~~~~~~~~^^^^^^^^^^
  File "/Users/tommasodesanto/Desktop/Projects/Fertility/Fertility_Spring26/output/model/transition_readiness_v1/current_baseline_20261003/two_shock_v1/execution_smoke_v2/frozen/source/output/model/fixed_reference_economics_20260928/sources/fixed_price_v1/run_fixed_price.py", line 135, in authenticate
    import e5f_evening_calibration_runtime as runtime
  File "/Users/tommasodesanto/Desktop/Projects/Fertility/Fertility_Spring26/code/model/tools/e5f_evening_calibration_runtime.py", line 21, in <module>
    from run_e5f_due_stayer_matched_check import require_no_negative_estates
ModuleNotFoundError: No module named 'run_e5f_due_stayer_matched_check'
