-------------------------------------------------------------------------------
      name:  <unnamed>
       log:  /scratch/td2248/projects/Fertility_Spring26_rooms_window_designs_2
> 0260923/results/m2only_original/estimation.log
  log type:  text
 opened on:  23 Sep 2026, 21:30:47

. mata: mata mlib index
.mlib libraries to be searched are now
    lmatabase;lmataado;lmatabma;lmatacate;lmatacollect;lmatadata;lmataerm;lmata
> fc;lmatagsem;lmatah2o;lmatahetdid;lmataivqreg;lmatajm;lmatalasso;lmatamcmc;lm
> atameta;lmatami;lmatamixlog;lmatanumlib;lmataopt;lmatapath;lmatapostest;lmata
> pss;lmatarw;lmatasem;lmatasp;lmatasubexpr;lmatasvy;lmatatab;lmatats;lasdoc;li
> vreg2;lspmat

. use "/scratch/td2248/projects/Fertility_Spring26_rooms_window_designs_2026092
> 3/analysis_sample.dta", clear
(PSID-SHELF, 1968–2019, Beta Release 2023.01. Long format. Compiled: 2023/10/11
> .)

. do "audit_rooms_window_designs.do" m2only_original "/scratch/td2248/projects/
> Fertility_Spring26_rooms_window_designs_20260923/results/m2only_original"

. * Data-only designs on the author's original Sun-Abraham specification.
. * Two designs, each with the original and the verified (own-interview) room
. * dates: (i) two-year interview windows with a -3/-2 baseline window, and
. * (ii) the original annual event time restricted to birth cohorts observed at
. * event year -2, read at the even horizons 0, +2, +4, +6, +8.
. * Retained from the original specification: all adults, no weights, ID/year
. * fixed effects, age and education covariates, ID clustering, last first-birt
> h
. * cohort as control_cohort, people without a recorded first birth retained,
. * original room codes. Only the room date assignment differs within a design.
. * The -2-only design adds the K=-6 indicator so that -2 is the sole omitted
. * event year; the window design has no omitted year other than the baseline.
. version 17.0

. args mode outdir

. timer clear 1

. timer on 1

. if "`mode'" == "toy" {
.     capture mkdir "`outdir'"
.     clear
.     set seed 23092026
.     set obs 6000
.     gen long ID = ceil(_n/40)
.     bysort ID: gen int year = 1979+_n
.     keep if year<=1997 | mod(year,2)==1
.     gen int f_c_y = 1985+3*mod(ID,7)
.     replace f_c_y = . if mod(ID,11)==0
.     gen double K = year-f_c_y
.     quietly summarize f_c_y
.     gen byte lastcohort = f_c_y==r(max)
.     gen byte AGEREP = 25+mod(ID,10)
.     gen byte EDUYEAR = 12+mod(ID,4)
.     gen double rooms = 4+ID/100+0.2*(K>=0 & !missing(K))+rnormal()
.     sort ID year
.     by ID: gen double rooms_aligned = rooms[_n-1]
.     gen byte common_rooms = !missing(rooms,rooms_aligned)
.     tempfile toydata
.     save `toydata'
.     foreach arm in window_original window_aligned m2only_original m2only_alig
> ned {
  2.         use `toydata', clear
  3.         do "audit_rooms_window_designs.do" `arm' "`outdir'/`arm'"
  4.     }
.     di "ROOMS_WINDOW_DESIGNS_TOY_PASS"
.     exit
. }

. assert inlist("`mode'","window_original","window_aligned","m2only_original","
> m2only_aligned")

. capture mkdir "`outdir'"

. local design = cond(strpos("`mode'","window")>0,"window","m2only")

. local assignment = cond(strpos("`mode'","aligned")>0,"aligned","original")

. 
. * Observations complete under both date assignments, as in the timing-only
. * comparison. Rows without a recorded first birth and the last cohort stay.
. keep if common_rooms & !missing(AGEREP,EDUYEAR)
(2,508,687 observations deleted)

. if "`assignment'" == "aligned" replace rooms = rooms_aligned

. 
. * Cohort support: every treated cohort must be observed in its reference.
. if "`design'" == "window" {
.     gen byte in_reference = inrange(K,-3,-2)
. }

. else {
.     gen byte in_reference = K==-2
. }

. bysort f_c_y: egen long reference_rows = total(in_reference)

. gen byte treated = !missing(f_c_y) & lastcohort==0

. gen byte unsupported = treated & reference_rows==0

. preserve

.     gen long rows = 1

.     collapse (sum) rows (max) unsupported, by(f_c_y K lastcohort)

.     export delimited using "`outdir'/input_support.csv", replace
(file
    /scratch/td2248/projects/Fertility_Spring26_rooms_window_designs_20260923
    > /results/m2only_original/input_support.csv not found)
file /scratch/td2248/projects/Fertility_Spring26_rooms_window_designs_20260923/
> results/m2only_original/input_support.csv saved

. restore

. quietly count if unsupported

. local dropped_rows = r(N)

. quietly levelsof f_c_y if unsupported, local(dropped_cohorts) separate(" ")

. drop if unsupported
(61,128 observations deleted)

. drop in_reference reference_rows unsupported treated

. 
. if "`design'" == "window" {
.     gen byte Dleft = K<=-8 & !missing(K)
.     gen byte Dm7 = inrange(K,-7,-6)
.     gen byte Dm5 = inrange(K,-5,-4)
.     gen byte Dm1 = inrange(K,-1,0)
.     gen byte Dp1 = inrange(K,1,2)
.     gen byte Dp3 = inrange(K,3,4)
.     gen byte Dp5 = inrange(K,5,6)
.     gen byte Dp7 = inrange(K,7,8)
.     gen byte Dp9 = inrange(K,9,10)
.     gen byte Dright = K>=11 & !missing(K)
.     local dummies Dleft Dm7 Dm5 Dm1 Dp1 Dp3 Dp5 Dp7 Dp9 Dright
.     gen byte checksum = Dleft+Dm7+Dm5+Dm1+Dp1+Dp3+Dp5+Dp7+Dp9+Dright
.     assert checksum+inrange(K,-3,-2)==1 if !missing(K)
.     assert checksum==0 if missing(K)
.     drop checksum
.     local headline Dp3
.     local reference_condition inrange(K,-3,-2)
. }

. else {
.     forvalues l = 0/10 {
  2.         gen byte L`l'event = K==`l'
  3.     }
.     gen byte L11event = (K>10 & K!=.)
.     foreach l in 1 3 4 5 6 {
  2.         gen byte F`l'event = K==-`l'
  3.     }
.     gen byte F7event = (K<-6 & K!=.)
.     local dummies L0event L1event L2event L3event L4event L5event L6event ///
>         L7event L8event L9event L10event L11event F1event F3event F4event ///
>         F5event F6event F7event
.     gen byte checksum = 0
.     foreach d of local dummies {
  2.         replace checksum = checksum+`d'
  3.     }
(7,885 real changes made)
(5,914 real changes made)
(8,543 real changes made)
(6,070 real changes made)
(8,548 real changes made)
(6,250 real changes made)
(8,195 real changes made)
(5,894 real changes made)
(7,521 real changes made)
(5,515 real changes made)
(6,944 real changes made)
(77,753 real changes made)
(4,642 real changes made)
(3,046 real changes made)
(3,567 real changes made)
(1,939 real changes made)
(2,378 real changes made)
(7,874 real changes made)
.     assert checksum+(K==-2)==1 if !missing(K)
.     assert checksum==0 if missing(K)
.     drop checksum
.     local headline L4event
.     local reference_condition K==-2
. }

. 
. eventstudyinteract rooms `dummies', ///
>     vce(cluster ID) absorb(ID year) cohort(f_c_y) control_cohort(lastcohort) 
> ///
>     covariates(i.AGEREP i.EDUYEAR)
(obs=290,838)

IW estimates for dynamic effects                       Number of obs = 285,155
Absorbing 2 HDFE groups                                F(572, 30429) =    2.96
                                                       Prob > F      =  0.0000
                                                       R-squared     =  0.1562
                                                       Adj R-squared =  0.0531
                                                       Root MSE      =  9.4229
                                (Std. err. adjusted for 30,430 clusters in ID)
------------------------------------------------------------------------------
             |               Robust
       rooms | Coefficient  std. err.      t    P>|t|     [95% conf. interval]
-------------+----------------------------------------------------------------
     L0event |   .1653383   .1632531     1.01   0.311    -.1546447    .4853213
     L1event |   .6283906   .2027346     3.10   0.002     .2310223    1.025759
     L2event |   .5767335     .18223     3.16   0.002     .2195551    .9339119
     L3event |   .3952918    .197167     2.00   0.045     .0088363    .7817474
     L4event |   .8036822   .1849974     4.34   0.000     .4410796    1.166285
     L5event |   .7310397   .1998809     3.66   0.000     .3392646    1.122815
     L6event |   1.110056   .1912974     5.80   0.000     .7351047    1.485006
     L7event |    .721007   .1953101     3.69   0.000     .3381911    1.103823
     L8event |   1.120543   .1884436     5.95   0.000     .7511859      1.4899
     L9event |   .7869728   .1948323     4.04   0.000     .4050933    1.168852
    L10event |   1.170208   .2010431     5.82   0.000     .7761552    1.564261
    L11event |   .9618714   .1608983     5.98   0.000      .646504    1.277239
     F1event |  -.1993179   .1768664    -1.13   0.260    -.5459834    .1473477
     F3event |  -.1269617   .2051365    -0.62   0.536     -.529038    .2751145
     F4event |  -.1023799   .2040603    -0.50   0.616    -.5023467     .297587
     F5event |   .1277747   .2680749     0.48   0.634    -.3976633    .6532128
     F6event |   .1004082   .2713865     0.37   0.711    -.4315208    .6323372
     F7event |   .1156181   .2265857     0.51   0.610    -.3284993    .5597355
------------------------------------------------------------------------------

. 
. matrix b = e(b_iw)

. matrix V = e(V_iw)

. local n = e(N)

. local clusters = e(N_clust)

. local h = colnumb("b","`headline'")

. assert !missing(`h') & `h'>0

. local effect = b[1,`h']

. local effect_se = sqrt(V[`h',`h'])

. assert !missing(`effect',`effect_se') & `effect_se'>0

. quietly summarize rooms if e(sample) & `reference_condition'

. local premean = r(mean)

. preserve

.     keep if e(sample)
(5,967 observations deleted)

.     sort ID year

.     export delimited ID year using "`outdir'/private_sample_keys.csv", replac
> e
(file
    /scratch/td2248/projects/Fertility_Spring26_rooms_window_designs_20260923
    > /results/m2only_original/private_sample_keys.csv not found)
file /scratch/td2248/projects/Fertility_Spring26_rooms_window_designs_20260923/
> results/m2only_original/private_sample_keys.csv saved

.     gen byte in_reference = `reference_condition'

.     bysort f_c_y: egen long reference_rows = total(in_reference)

.     quietly count if !missing(f_c_y) & lastcohort==0 & reference_rows==0

.     local fitted_unsupported = r(N)

.     gen long rows = 1

.     collapse (sum) rows, by(f_c_y K lastcohort)

.     export delimited using "`outdir'/fitted_support.csv", replace
(file
    /scratch/td2248/projects/Fertility_Spring26_rooms_window_designs_20260923
    > /results/m2only_original/fitted_support.csv not found)
file /scratch/td2248/projects/Fertility_Spring26_rooms_window_designs_20260923/
> results/m2only_original/fitted_support.csv saved

. restore

. local names : colnames b

. tempname points covariance

. postfile `points' str20 coefficient double estimate standard_error using "`ou
> tdir'/coefficients.dta", replace
(file
    /scratch/td2248/projects/Fertility_Spring26_rooms_window_designs_20260923
    > /results/m2only_original/coefficients.dta not found)

. postfile `covariance' str20 coefficient_i str20 coefficient_j double covarian
> ce using "`outdir'/covariance.dta", replace
(file
    /scratch/td2248/projects/Fertility_Spring26_rooms_window_designs_20260923
    > /results/m2only_original/covariance.dta not found)

. forvalues i = 1/`=colsof(b)' {
  2.     local name : word `i' of `names'
  3.     post `points' ("`name'") (b[1,`i']) (sqrt(V[`i',`i']))
  4.     forvalues j = 1/`=colsof(b)' {
  5.         local other : word `j' of `names'
  6.         post `covariance' ("`name'") ("`other'") (V[`i',`j'])
  7.     }
  8. }

. postclose `points'

. postclose `covariance'

. preserve

.     use "`outdir'/coefficients.dta", clear

.     format estimate standard_error %24.17g

.     export delimited using "`outdir'/coefficients.csv", replace
(file
    /scratch/td2248/projects/Fertility_Spring26_rooms_window_designs_20260923
    > /results/m2only_original/coefficients.csv not found)
file /scratch/td2248/projects/Fertility_Spring26_rooms_window_designs_20260923/
> results/m2only_original/coefficients.csv saved

.     use "`outdir'/covariance.dta", clear

.     format covariance %24.17g

.     export delimited using "`outdir'/covariance.csv", replace
(file
    /scratch/td2248/projects/Fertility_Spring26_rooms_window_designs_20260923
    > /results/m2only_original/covariance.csv not found)
file /scratch/td2248/projects/Fertility_Spring26_rooms_window_designs_20260923/
> results/m2only_original/covariance.csv saved

. restore

. timer off 1

. quietly timer list 1

. local seconds = r(t1)

. clear

. set obs 1
Number of observations (_N) was 0, now 1.

. gen str24 arm = "`mode'"

. gen str8 design = "`design'"

. gen str8 assignment = "`assignment'"

. gen double observations = `n'

. gen double clusters = `clusters'

. gen str12 headline = "`headline'"

. gen double headline_effect = `effect'

. gen double headline_se = `effect_se'

. gen double reference_mean_rooms = `premean'

. gen long dropped_unsupported_rows = `dropped_rows'

. gen str80 dropped_cohorts = "`dropped_cohorts'"

. gen long fitted_unsupported_rows = `fitted_unsupported'

. gen double runtime_seconds = `seconds'

. format headline_effect headline_se reference_mean_rooms %24.17g

. export delimited using "`outdir'/fit_receipt.csv", replace
(file
    /scratch/td2248/projects/Fertility_Spring26_rooms_window_designs_20260923
    > /results/m2only_original/fit_receipt.csv not found)
file /scratch/td2248/projects/Fertility_Spring26_rooms_window_designs_20260923/
> results/m2only_original/fit_receipt.csv saved

. di "ROOMS_WINDOW_DESIGNS_ARM_PASS `mode'"
ROOMS_WINDOW_DESIGNS_ARM_PASS m2only_original

. 
end of do-file

. 
end of do-file
