TRANSITION_CALIBRATION_OLD_STEADY_STATE
Traceback (most recent call last):
  File "/scratch/td2248/projects/Fertility_Spring26_joint_nested_full_20260907d/code/model/tools/run_e5f_joint_overnight_case.py", line 363, in <module>
    main()
    ~~~~^^
  File "/scratch/td2248/projects/Fertility_Spring26_joint_nested_full_20260907d/code/model/tools/run_e5f_joint_overnight_case.py", line 359, in main
    run_case(parser.parse_args())
    ~~~~~~~~^^^^^^^^^^^^^^^^^^^^^
  File "/scratch/td2248/projects/Fertility_Spring26_joint_nested_full_20260907d/code/model/tools/run_e5f_joint_overnight_case.py", line 291, in run_case
    calibration.main()
    ~~~~~~~~~~~~~~~~^^
  File "/scratch/td2248/projects/Fertility_Spring26_joint_nested_full_20260907d/code/model/tools/run_e5f_transition_calibration.py", line 1859, in main
    ) = solve_old_steady_state(
        ~~~~~~~~~~~~~~~~~~~~~~^
        chain,
        ^^^^^^
    ...<7 lines>...
        ),
        ^^
    )
    ^
  File "/scratch/td2248/projects/Fertility_Spring26_joint_nested_full_20260907d/code/model/tools/run_e5f_transition_calibration.py", line 647, in solve_old_steady_state
    initial = evaluate(float(initial_psi))
  File "/scratch/td2248/projects/Fertility_Spring26_joint_nested_full_20260907d/code/model/tools/run_e5f_transition_calibration.py", line 630, in evaluate
    solution, parameters, price, seconds = closure.solve_ge(chain, overrides)
                                           ~~~~~~~~~~~~~~~~^^^^^^^^^^^^^^^^^^
  File "/scratch/td2248/projects/Fertility_Spring26_joint_nested_full_20260907d/code/model/tools/audit_closed_reproductive_closure.py", line 156, in solve_ge
    sol, parameters, price = chain.run_model_cp_dt(dict(base), verbose=False)
                             ~~~~~~~~~~~~~~~~~~~~~^^^^^^^^^^^^^^^^^^^^^^^^^^^
  File "/scratch/td2248/projects/Fertility_Spring26_joint_nested_full_20260907d/code/model/intergen_eqscale_seq_optimized/solver.py", line 1114, in run_model_cp_dt
    sol, P, p_eq = solve_markov_income_equilibrium(p_init, P, b_grid, verbose=verbose)
                   ~~~~~~~~~~~~~~~~~~~~~~~~~~~~~~~^^^^^^^^^^^^^^^^^^^^^^^^^^^^^^^^^^^^
  File "/scratch/td2248/projects/Fertility_Spring26_joint_nested_full_20260907d/code/model/intergen_eqscale_seq_optimized/solver.py", line 1262, in solve_markov_income_equilibrium
    best_sol = upgrade_fast_markov_solution(best_sol, P, b_grid, SD_shared)
  File "/scratch/td2248/projects/Fertility_Spring26_joint_nested_full_20260907d/code/model/intergen_eqscale_seq_optimized/solver.py", line 1568, in upgrade_fast_markov_solution
    g, stats = forward_distribution_markov_income(
               ~~~~~~~~~~~~~~~~~~~~~~~~~~~~~~~~~~^
        bp_pol, hR_pol, tc, lp_j, fp, V, r, p, P, b_grid, SD,
        ^^^^^^^^^^^^^^^^^^^^^^^^^^^^^^^^^^^^^^^^^^^^^^^^^^^^^
        fast_stats=False, tenure_probs=tp,
        ^^^^^^^^^^^^^^^^^^^^^^^^^^^^^^^^^^
    )
    ^
  File "/scratch/td2248/projects/Fertility_Spring26_joint_nested_full_20260907d/code/model/intergen_eqscale_seq_optimized/solver.py", line 5171, in forward_distribution_markov_income
    stats.housing_increment_0to1_eventstudy_t3 = joint_nested.stationary_first_birth_response(
                                                 ~~~~~~~~~~~~~~~~~~~~~~~~~~~~~~~~~~~~~~~~~~~~^
        joint_pre, P._joint_choice, P, b_grid, SD, loc_probs, tenure_choice,
        ^^^^^^^^^^^^^^^^^^^^^^^^^^^^^^^^^^^^^^^^^^^^^^^^^^^^^^^^^^^^^^^^^^^^
        bp_pol, hR_pol, (lmm_idx, lmm_wt, tmx_idx, tmx_wt))
        ^^^^^^^^^^^^^^^^^^^^^^^^^^^^^^^^^^^^^^^^^^^^^^^^^^^
  File "/scratch/td2248/projects/Fertility_Spring26_joint_nested_full_20260907d/code/model/intergen_eqscale_seq_optimized/joint_nested.py", line 192, in stationary_first_birth_response
    raise RuntimeError('Invalid stationary matched joint branch mass')
RuntimeError: Invalid stationary matched joint branch mass
