Using CPython 3.13.15 interpreter at: /Users/tommasodesanto/.local/share/uv/python/cpython-3.13.15-macos-aarch64-none/bin/python3.13
Creating virtual environment at: /var/folders/xs/ttwplgz97gvdr_6gkg5r_r9h0000gn/T/fertility-review-runtime-gmq7i1sa/venv
Activate with: source /var/folders/xs/ttwplgz97gvdr_6gkg5r_r9h0000gn/T/fertility-review-runtime-gmq7i1sa/venv/bin/activate
Using Python 3.13.15 environment at: /var/folders/xs/ttwplgz97gvdr_6gkg5r_r9h0000gn/T/fertility-review-runtime-gmq7i1sa/venv
Resolved 14 packages in 166ms
Installed 14 packages in 93ms
 + contourpy==1.4.0
 + cycler==0.12.1
 + fonttools==4.66.1
 + kiwisolver==1.5.1
 + llvmlite==0.44.0
 + matplotlib==3.10.3
 + numba==0.61.2
 + numpy==2.2.6
 + packaging==26.3
 + pillow==12.3.0
 + pyparsing==3.3.3
 + python-dateutil==2.9.0.post0
 + scipy==1.15.3
 + six==1.17.0
