{
 "status": "preliminary_solve_only_not_certified",
 "timing": {
  "inputs": 0.15312695899046957,
  "import": 1.3538790899328887,
  "lifecycle_solves": [
   {
    "repetition": 1,
    "precompute_shared": 0.0006516159046441317,
    "lifecycle": 56.602851576171815,
    "serialization": 6.10622023511678
   },
   {
    "repetition": 2,
    "precompute_shared": 0.0006133739370852709,
    "lifecycle": 46.230575409019366,
    "serialization": 5.977473612874746
   }
  ],
  "reporting": 4.089895355980843,
  "main_in_process": 120.67790230899118
 },
 "counts": {
  "lifecycle_solves": 2
 }
}
