-------------------------------------------------------------------------------
      name:  <unnamed>
       log:  /scratch/td2248/projects/Fertility_Spring26_rooms_sequence_2026092
> 3/results/S0c/estimation.log
  log type:  text
 opened on:  23 Sep 2026, 22:23:34

. mata: mata mlib index
.mlib libraries to be searched are now
    lmatabase;lmataado;lmatabma;lmatacate;lmatacollect;lmatadata;lmataerm;lmata
> fc;lmatagsem;lmatah2o;lmatahetdid;lmataivqreg;lmatajm;lmatalasso;lmatamcmc;lm
> atameta;lmatami;lmatamixlog;lmatanumlib;lmataopt;lmatapath;lmatapostest;lmata
> pss;lmatarw;lmatasem;lmatasp;lmatasubexpr;lmatasvy;lmatatab;lmatats;lasdoc;li
> vreg2;lspmat

. use "/scratch/td2248/projects/Fertility_Spring26_rooms_sequence_20260923/anal
> ysis_sample.dta", clear
(PSID-SHELF, 1968–2019, Beta Release 2023.01. Long format. Compiled: 2023/10/11
> .)

. do "audit_rooms_sequence.do" S0c "/scratch/td2248/projects/Fertility_Spring26
> _rooms_sequence_20260923/results/S0c"

. * One-change-at-a-time sequence from the author's original Sun-Abraham
. * specification (window design, corrected room dates) toward the August
. * household specification. Cumulative arms:
. *   S0  reproduction of window_aligned (baseline -3/-2, corrected dates)
. *   B21 S0 with a -2/-1 baseline window instead (sensitivity, not cumulative)
. *   S1  S0 + explicit comparison group: rows without a recorded first birth
. *       kept only for people whose reported child count is zero
. *   S2  S1 + women who are current reference persons or spouses
. *   S3  S2 + household unit: single-family-unit dwellings, one woman per
. *       household-year (reference person first)
. *   S4  S3 + first birth from the full biological-child history; known
. *       parents without birth timing dropped
. *   S5  S4 + year-specific non-room codes (9 / 99 / 98,99) set to missing
. *   S6  S5 + PSID longitudinal weights [pw=iw], iw>0
. *   S0c, B21c: S0 / B21 with the S5 non-room code cleaning applied
. *   S4a: S3 + biological first-birth history WITHOUT the first-birth-after-en
> try rule
. version 17.0

. args mode outdir

. timer clear 1

. timer on 1

. if "`mode'" == "toy" {
.     capture mkdir "`outdir'"
.     clear
.     set seed 23092026
.     set obs 8000
.     gen long ID = ceil(_n/40)
.     bysort ID: gen int year = 1979+_n
.     keep if year<=1997 | mod(year,2)==1
.     gen int f_c_y = 1985+3*mod(ID,7)
.     replace f_c_y = . if mod(ID,5)==0
.     gen double K = year-f_c_y
.     quietly summarize f_c_y
.     gen byte lastcohort = f_c_y==r(max)
.     gen byte AGEREP = 25+mod(ID,10)
.     gen byte EDUYEAR = 12+mod(ID,4)
.     gen double rooms = 4+ID/100+0.2*(K>=0 & !missing(K))+rnormal()
.     replace rooms = 99 if mod(_n,97)==0 & year>=1985 & year<=1993
.     sort ID year
.     by ID: gen double rooms_aligned = rooms[_n-1]
.     replace rooms = rooms_aligned
.     gen byte common_rooms = !missing(rooms,rooms_aligned)
.     gen double bio_first_year = f_c_y
.     replace bio_first_year = f_c_y+1 if mod(ID,13)==0 & !missing(f_c_y)
.     gen double relchirep_max = cond(missing(f_c_y), cond(mod(ID,10)==0,0,1), 
> 1)
.     replace relchirep_max = . if mod(ID,17)==0 & missing(f_c_y)
.     gen byte woman = mod(ID,2)==0
.     gen byte current = 1
.     gen double rel = 1+mod(ID,3)
.     gen double hhid = ceil(ID/2)
.     gen double fid = hhid
.     gen int n_current_fids = 1+(mod(hhid,9)==0)
.     gen double iw = 1+mod(ID,4)
.     replace iw = 0 if mod(ID,19)==0
.     tempfile toydata
.     save `toydata'
.     foreach arm in S0 B21 S1 S2 S3 S4 S5 S6 S0c B21c S4a {
  2.         use `toydata', clear
  3.         do "audit_rooms_sequence.do" `arm' "`outdir'/`arm'"
  4.     }
.     di "ROOMS_SEQUENCE_TOY_PASS"
.     exit
. }

. assert inlist("`mode'","S0","B21","S1","S2","S3","S4","S5","S6") | inlist("`m
> ode'","S0c","B21c","S4a")

. capture mkdir "`outdir'"

. local step = cond(substr("`mode'",1,3)=="B21", 0, real(substr("`mode'",2,1)))

. local clean_codes = `step' >= 5 | strpos("`mode'","c") > 0

. local entry_rule = `step' >= 4 & "`mode'" != "S4a"

. 
. * Base: observations complete under both date assignments; corrected dates.
. keep if common_rooms & !missing(AGEREP,EDUYEAR)
(2,508,687 observations deleted)

. replace rooms = rooms_aligned
(192,779 real changes made)

. local weightspec ""

. local baseline_lo -3

. local baseline_hi -2

. if substr("`mode'",1,3) == "B21" {
.     local baseline_lo -2
.     local baseline_hi -1
. }

. if `step' >= 1 {
.     drop if missing(f_c_y) & !(relchirep_max == 0)
. }

. if `step' >= 2 {
.     keep if woman & current & inlist(rel,1,2)
. }

. if `step' >= 3 {
.     keep if !missing(hhid) & hhid > 0 & !missing(fid) & fid > 0 & n_current_f
> ids == 1
.     gen byte priority = rel != 1
.     sort hhid year priority ID
.     by hhid year: keep if _n == 1
.     drop priority
.     isid hhid year
. }

. if `step' >= 4 {
.     replace f_c_y = bio_first_year
.     drop if missing(f_c_y) & !(relchirep_max == 0)
.     if `entry_rule' {
.         bysort ID: egen double year_entry = min(year)
.         drop if !missing(f_c_y) & f_c_y < year_entry
.         drop year_entry
.     }
.     replace K = year - f_c_y
.     quietly summarize f_c_y
.     replace lastcohort = f_c_y == r(max)
. }

. if `clean_codes' {
.     replace rooms = . if year <= 1984 & rooms == 9
(1,160 real changes made, 1,160 to missing)
.     replace rooms = . if inrange(year,1985,1993) & rooms == 99
(883 real changes made, 883 to missing)
.     replace rooms = . if year >= 1994 & inlist(rooms,98,99)
(2,516 real changes made, 2,516 to missing)
.     drop if missing(rooms)
(4,559 observations deleted)
. }

. if `step' >= 6 {
.     keep if !missing(iw) & iw > 0
.     local weightspec "[pw=iw]"
. }

. 
. * Cohort support: every treated cohort must be observed in the baseline windo
> w.
. gen byte in_reference = inrange(K,`baseline_lo',`baseline_hi')

. bysort f_c_y: egen long reference_rows = total(in_reference)

. gen byte treated = !missing(f_c_y) & lastcohort==0

. gen byte unsupported = treated & reference_rows==0

. preserve

.     gen long rows = 1

.     collapse (sum) rows (max) unsupported, by(f_c_y K lastcohort)

.     export delimited using "`outdir'/input_support.csv", replace
(file
    /scratch/td2248/projects/Fertility_Spring26_rooms_sequence_20260923/resul
    > ts/S0c/input_support.csv not found)
file /scratch/td2248/projects/Fertility_Spring26_rooms_sequence_20260923/result
> s/S0c/input_support.csv saved

. restore

. quietly count if unsupported

. local dropped_rows = r(N)

. quietly levelsof f_c_y if unsupported, local(dropped_cohorts) separate(" ")

. drop if unsupported
(29,818 observations deleted)

. drop in_reference reference_rows unsupported treated

. 
. * Two-year windows relative to the baseline window.
. local b = `baseline_hi'

. gen byte Wleft = K<=`b'-6 & !missing(K)

. gen byte Wm2 = inrange(K,`b'-5,`b'-4)

. gen byte Wm1 = inrange(K,`b'-3,`b'-2)

. gen byte Wp1 = inrange(K,`b'+1,`b'+2)

. gen byte Wp2 = inrange(K,`b'+3,`b'+4)

. gen byte Wp3 = inrange(K,`b'+5,`b'+6)

. gen byte Wp4 = inrange(K,`b'+7,`b'+8)

. gen byte Wp5 = inrange(K,`b'+9,`b'+10)

. gen byte Wp6 = inrange(K,`b'+11,`b'+12)

. gen byte Wright = K>=`b'+13 & !missing(K)

. local dummies Wleft Wm2 Wm1 Wp1 Wp2 Wp3 Wp4 Wp5 Wp6 Wright

. gen byte checksum = Wleft+Wm2+Wm1+Wp1+Wp2+Wp3+Wp4+Wp5+Wp6+Wright

. assert checksum+inrange(K,`baseline_lo',`baseline_hi')==1 if !missing(K)

. assert checksum==0 if missing(K)

. drop checksum

. * Headline: the window three to four years after the birth (Wp3 for the
. * -3/-2 baseline; for the -2/-1 baseline Wp2 is +2/+3 and Wp3 is +4/+5).
. local headline Wp3

. if substr("`mode'",1,3) == "B21" local headline Wp2

. 
. eventstudyinteract rooms `dummies' `weightspec', ///
>     vce(cluster ID) absorb(ID year) cohort(f_c_y) control_cohort(lastcohort) 
> ///
>     covariates(i.AGEREP i.EDUYEAR)
(obs=317,590)

IW estimates for dynamic effects                       Number of obs = 311,453
Absorbing 2 HDFE groups                                F(515, 34077) =   59.78
                                                       Prob > F      =  0.0000
                                                       R-squared     =  0.5691
                                                       Adj R-squared =  0.5152
                                                       Root MSE      =  1.4949
                                (Std. err. adjusted for 34,078 clusters in ID)
------------------------------------------------------------------------------
             |               Robust
       rooms | Coefficient  std. err.      t    P>|t|     [95% conf. interval]
-------------+----------------------------------------------------------------
       Wleft |  -.0245647   .0543484    -0.45   0.651    -.1310894      .08196
         Wm2 |  -.1321669   .0405565    -3.26   0.001    -.2116589   -.0526749
         Wm1 |  -.1449881   .0276324    -5.25   0.000    -.1991486   -.0908276
         Wp1 |   .1780007   .0230594     7.72   0.000     .1328036    .2231978
         Wp2 |   .4852397   .0284408    17.06   0.000     .4294949    .5409846
         Wp3 |   .7258653   .0325232    22.32   0.000     .6621188    .7896117
         Wp4 |   .9677326   .0364827    26.53   0.000     .8962252     1.03924
         Wp5 |    1.09913   .0403772    27.22   0.000      1.01999    1.178271
         Wp6 |   1.236684   .0458214    26.99   0.000     1.146873    1.326495
      Wright |   1.353027   .0583618    23.18   0.000     1.238635    1.467418
------------------------------------------------------------------------------

. 
. matrix b = e(b_iw)

. matrix V = e(V_iw)

. local n = e(N)

. local clusters = e(N_clust)

. local h = colnumb("b","`headline'")

. assert !missing(`h') & `h'>0

. local effect = b[1,`h']

. local effect_se = sqrt(V[`h',`h'])

. assert !missing(`effect',`effect_se') & `effect_se'>0

. quietly summarize rooms if e(sample) & inrange(K,`baseline_lo',`baseline_hi')

. local premean = r(mean)

. quietly count if e(sample) & missing(f_c_y)

. local never_rows = r(N)

. preserve

.     keep if e(sample)
(6,420 observations deleted)

.     sort ID year

.     export delimited ID year using "`outdir'/private_sample_keys.csv", replac
> e
(file
    /scratch/td2248/projects/Fertility_Spring26_rooms_sequence_20260923/resul
    > ts/S0c/private_sample_keys.csv not found)
file /scratch/td2248/projects/Fertility_Spring26_rooms_sequence_20260923/result
> s/S0c/private_sample_keys.csv saved

.     gen byte in_reference = inrange(K,`baseline_lo',`baseline_hi')

.     bysort f_c_y: egen long reference_rows = total(in_reference)

.     quietly count if !missing(f_c_y) & lastcohort==0 & reference_rows==0

.     local fitted_unsupported = r(N)

.     gen long rows = 1

.     collapse (sum) rows, by(f_c_y K lastcohort)

.     export delimited using "`outdir'/fitted_support.csv", replace
(file
    /scratch/td2248/projects/Fertility_Spring26_rooms_sequence_20260923/resul
    > ts/S0c/fitted_support.csv not found)
file /scratch/td2248/projects/Fertility_Spring26_rooms_sequence_20260923/result
> s/S0c/fitted_support.csv saved

. restore

. local names : colnames b

. tempname points covariance

. postfile `points' str20 coefficient double estimate standard_error using "`ou
> tdir'/coefficients.dta", replace
(file
    /scratch/td2248/projects/Fertility_Spring26_rooms_sequence_20260923/resul
    > ts/S0c/coefficients.dta not found)

. postfile `covariance' str20 coefficient_i str20 coefficient_j double covarian
> ce using "`outdir'/covariance.dta", replace
(file
    /scratch/td2248/projects/Fertility_Spring26_rooms_sequence_20260923/resul
    > ts/S0c/covariance.dta not found)

. forvalues i = 1/`=colsof(b)' {
  2.     local name : word `i' of `names'
  3.     post `points' ("`name'") (b[1,`i']) (sqrt(V[`i',`i']))
  4.     forvalues j = 1/`=colsof(b)' {
  5.         local other : word `j' of `names'
  6.         post `covariance' ("`name'") ("`other'") (V[`i',`j'])
  7.     }
  8. }

. postclose `points'

. postclose `covariance'

. preserve

.     use "`outdir'/coefficients.dta", clear

.     format estimate standard_error %24.17g

.     export delimited using "`outdir'/coefficients.csv", replace
(file
    /scratch/td2248/projects/Fertility_Spring26_rooms_sequence_20260923/resul
    > ts/S0c/coefficients.csv not found)
file /scratch/td2248/projects/Fertility_Spring26_rooms_sequence_20260923/result
> s/S0c/coefficients.csv saved

.     use "`outdir'/covariance.dta", clear

.     format covariance %24.17g

.     export delimited using "`outdir'/covariance.csv", replace
(file
    /scratch/td2248/projects/Fertility_Spring26_rooms_sequence_20260923/resul
    > ts/S0c/covariance.csv not found)
file /scratch/td2248/projects/Fertility_Spring26_rooms_sequence_20260923/result
> s/S0c/covariance.csv saved

. restore

. timer off 1

. quietly timer list 1

. local seconds = r(t1)

. clear

. set obs 1
Number of observations (_N) was 0, now 1.

. gen str8 arm = "`mode'"

. gen byte codes_cleaned = `clean_codes'

. gen byte entry_rule_applied = `entry_rule'

. gen int baseline_lo = `baseline_lo'

. gen int baseline_hi = `baseline_hi'

. gen double observations = `n'

. gen double clusters = `clusters'

. gen double never_treated_rows = `never_rows'

. gen str12 headline = "`headline'"

. gen double headline_effect = `effect'

. gen double headline_se = `effect_se'

. gen double reference_mean_rooms = `premean'

. gen long dropped_unsupported_rows = `dropped_rows'

. gen str120 dropped_cohorts = "`dropped_cohorts'"

. gen long fitted_unsupported_rows = `fitted_unsupported'

. gen str12 weights = cond("`weightspec'"=="","none","pw=iw")

. gen double runtime_seconds = `seconds'

. format headline_effect headline_se reference_mean_rooms %24.17g

. export delimited using "`outdir'/fit_receipt.csv", replace
(file
    /scratch/td2248/projects/Fertility_Spring26_rooms_sequence_20260923/resul
    > ts/S0c/fit_receipt.csv not found)
file /scratch/td2248/projects/Fertility_Spring26_rooms_sequence_20260923/result
> s/S0c/fit_receipt.csv saved

. di "ROOMS_SEQUENCE_ARM_PASS `mode'"
ROOMS_SEQUENCE_ARM_PASS S0c

. 
end of do-file

. 
end of do-file
