{
 "status": "preliminary_solve_only_not_certified",
 "timing": {
  "inputs": 0.15905527910217643,
  "import": 1.519696774892509,
  "lifecycle_solves": [
   {
    "repetition": 1,
    "precompute_shared": 0.0007002740167081356,
    "lifecycle": 86.07222533784807,
    "serialization": 6.694322370924056
   },
   {
    "repetition": 2,
    "precompute_shared": 0.0006159860640764236,
    "lifecycle": 72.23649611300789,
    "serialization": 6.6173493498936296
   }
  ],
  "reporting": 4.3207969788927585,
  "main_in_process": 177.8560759171378
 },
 "counts": {
  "lifecycle_solves": 2
 }
}
