Traceback (most recent call last):
  File "/Users/tommasodesanto/Desktop/Projects/Fertility/Fertility_Spring26/tmp/earnings_wealth_direct_period_20260922_v5/tools/run_e5f_earnings_wealth_search.py", line 282, in evaluate
    receipt = evaluator(point, case, psi=float(plan.get("initial_psi", cfg.get("initial_psi", 0.0))), repetitions=1, timeout=timeout, case_id=f"earnings_wealth_search_{i:03d}")
  File "/Users/tommasodesanto/Desktop/Projects/Fertility/Fertility_Spring26/tmp/earnings_wealth_direct_period_20260922_v5/tools/run_e5f_earnings_wealth_search.py", line 350, in <lambda>
    evaluator = lambda point, case, **kw: subprocess_evaluator(args.plan, case, point, **kw)
  File "/Users/tommasodesanto/Desktop/Projects/Fertility/Fertility_Spring26/tmp/earnings_wealth_direct_period_20260922_v5/tools/run_e5f_earnings_wealth_search.py", line 238, in subprocess_evaluator
    raise RuntimeError(detail or f"adapter exited {proc.returncode}")
RuntimeError: Traceback (most recent call last):
  File "/Users/tommasodesanto/Desktop/Projects/Fertility/Fertility_Spring26/tmp/earnings_wealth_direct_period_20260922_v5/tools/run_e5f_earnings_wealth_candidate.py", line 286, in <module>
    main()
  File "/Users/tommasodesanto/Desktop/Projects/Fertility/Fertility_Spring26/tmp/earnings_wealth_direct_period_20260922_v5/tools/run_e5f_earnings_wealth_candidate.py", line 282, in main
    print(json.dumps(run_case(plan_path, plan, args.arm, args.output, args.repetitions)))
  File "/Users/tommasodesanto/Desktop/Projects/Fertility/Fertility_Spring26/tmp/earnings_wealth_direct_period_20260922_v5/tools/run_e5f_earnings_wealth_candidate.py", line 240, in run_case
    result = wrapper.run(str(output / "run_contract.json"), digest(output / "run_contract.json"),
  File "/Users/tommasodesanto/Desktop/Projects/Fertility/Fertility_Spring26/tmp/earnings_wealth_direct_period_20260922_v5/tools/run_e5f_earnings_wealth_scored_candidate.py", line 227, in run
    run_child([sys.executable,str(root/DRIVER),'--contract',str(files['initial_solve_contract']),
  File "/Users/tommasodesanto/Desktop/Projects/Fertility/Fertility_Spring26/tmp/earnings_wealth_direct_period_20260922_v5/tools/run_e5f_earnings_wealth_candidate.py", line 237, in child
    return original_child(command, **kwargs)
  File "/Users/tommasodesanto/Desktop/Projects/Fertility/Fertility_Spring26/tmp/earnings_wealth_direct_period_20260922_v5/tools/run_e5f_earnings_wealth_scored_candidate.py", line 136, in run_child
    code=child.wait(timeout=seconds)
  File "/Users/tommasodesanto/.local/share/uv/python/cpython-3.10-macos-aarch64-none/lib/python3.10/subprocess.py", line 1209, in wait
    return self._wait(timeout=timeout)
  File "/Users/tommasodesanto/.local/share/uv/python/cpython-3.10-macos-aarch64-none/lib/python3.10/subprocess.py", line 1951, in _wait
    raise TimeoutExpired(self.args, timeout)
subprocess.TimeoutExpired: Command '['/Users/tommasodesanto/Desktop/Projects/Fertility/Fertility_Spring26/tmp/income_refinement_local_20260921/venv/bin/python', '/Users/tommasodesanto/Desktop/Projects/Fertility/Fertility_Spring26/tmp/earnings_wealth_direct_period_20260922_v5/tools/run_e5f_earnings_wealth_candidate.py', '--mode', 'probe-child', '--plan', '/Users/tommasodesanto/Desktop/Projects/Fertility/Fertility_Spring26/tmp/earnings_wealth_direct_period_20260922_v5/output/search/cases/case_006.plan.json', '--contract', '/Users/tommasodesanto/Desktop/Projects/Fertility/Fertility_Spring26/tmp/earnings_wealth_direct_period_20260922_v5/output/search/cases/case_006/initial_contract.json', '--output', '/Users/tommasodesanto/Desktop/Projects/Fertility/Fertility_Spring26/tmp/earnings_wealth_direct_period_20260922_v5/output/search/cases/case_006/evaluation/raw']' timed out after 3100 seconds


The above exception was the direct cause of the following exception:

Traceback (most recent call last):
  File "/Users/tommasodesanto/Desktop/Projects/Fertility/Fertility_Spring26/tmp/earnings_wealth_direct_period_20260922_v5/tools/run_e5f_earnings_wealth_search.py", line 375, in <module>
    main()
  File "/Users/tommasodesanto/Desktop/Projects/Fertility/Fertility_Spring26/tmp/earnings_wealth_direct_period_20260922_v5/tools/run_e5f_earnings_wealth_search.py", line 369, in main
    result = run_search(plan, args.output, evaluator, anchor=anchor)
  File "/Users/tommasodesanto/Desktop/Projects/Fertility/Fertility_Spring26/tmp/earnings_wealth_direct_period_20260922_v5/tools/run_e5f_earnings_wealth_search.py", line 299, in run_search
    row = future.result()
  File "/Users/tommasodesanto/.local/share/uv/python/cpython-3.10-macos-aarch64-none/lib/python3.10/concurrent/futures/_base.py", line 451, in result
    return self.__get_result()
  File "/Users/tommasodesanto/.local/share/uv/python/cpython-3.10-macos-aarch64-none/lib/python3.10/concurrent/futures/_base.py", line 403, in __get_result
    raise self._exception
  File "/Users/tommasodesanto/.local/share/uv/python/cpython-3.10-macos-aarch64-none/lib/python3.10/concurrent/futures/thread.py", line 58, in run
    result = self.fn(*self.args, **self.kwargs)
  File "/Users/tommasodesanto/Desktop/Projects/Fertility/Fertility_Spring26/tmp/earnings_wealth_direct_period_20260922_v5/tools/run_e5f_earnings_wealth_search.py", line 290, in evaluate
    raise ContractError(str(exc)) from exc
__main__.ContractError: Traceback (most recent call last):
  File "/Users/tommasodesanto/Desktop/Projects/Fertility/Fertility_Spring26/tmp/earnings_wealth_direct_period_20260922_v5/tools/run_e5f_earnings_wealth_candidate.py", line 286, in <module>
    main()
  File "/Users/tommasodesanto/Desktop/Projects/Fertility/Fertility_Spring26/tmp/earnings_wealth_direct_period_20260922_v5/tools/run_e5f_earnings_wealth_candidate.py", line 282, in main
    print(json.dumps(run_case(plan_path, plan, args.arm, args.output, args.repetitions)))
  File "/Users/tommasodesanto/Desktop/Projects/Fertility/Fertility_Spring26/tmp/earnings_wealth_direct_period_20260922_v5/tools/run_e5f_earnings_wealth_candidate.py", line 240, in run_case
    result = wrapper.run(str(output / "run_contract.json"), digest(output / "run_contract.json"),
  File "/Users/tommasodesanto/Desktop/Projects/Fertility/Fertility_Spring26/tmp/earnings_wealth_direct_period_20260922_v5/tools/run_e5f_earnings_wealth_scored_candidate.py", line 227, in run
    run_child([sys.executable,str(root/DRIVER),'--contract',str(files['initial_solve_contract']),
  File "/Users/tommasodesanto/Desktop/Projects/Fertility/Fertility_Spring26/tmp/earnings_wealth_direct_period_20260922_v5/tools/run_e5f_earnings_wealth_candidate.py", line 237, in child
    return original_child(command, **kwargs)
  File "/Users/tommasodesanto/Desktop/Projects/Fertility/Fertility_Spring26/tmp/earnings_wealth_direct_period_20260922_v5/tools/run_e5f_earnings_wealth_scored_candidate.py", line 136, in run_child
    code=child.wait(timeout=seconds)
  File "/Users/tommasodesanto/.local/share/uv/python/cpython-3.10-macos-aarch64-none/lib/python3.10/subprocess.py", line 1209, in wait
    return self._wait(timeout=timeout)
  File "/Users/tommasodesanto/.local/share/uv/python/cpython-3.10-macos-aarch64-none/lib/python3.10/subprocess.py", line 1951, in _wait
    raise TimeoutExpired(self.args, timeout)
subprocess.TimeoutExpired: Command '['/Users/tommasodesanto/Desktop/Projects/Fertility/Fertility_Spring26/tmp/income_refinement_local_20260921/venv/bin/python', '/Users/tommasodesanto/Desktop/Projects/Fertility/Fertility_Spring26/tmp/earnings_wealth_direct_period_20260922_v5/tools/run_e5f_earnings_wealth_candidate.py', '--mode', 'probe-child', '--plan', '/Users/tommasodesanto/Desktop/Projects/Fertility/Fertility_Spring26/tmp/earnings_wealth_direct_period_20260922_v5/output/search/cases/case_006.plan.json', '--contract', '/Users/tommasodesanto/Desktop/Projects/Fertility/Fertility_Spring26/tmp/earnings_wealth_direct_period_20260922_v5/output/search/cases/case_006/initial_contract.json', '--output', '/Users/tommasodesanto/Desktop/Projects/Fertility/Fertility_Spring26/tmp/earnings_wealth_direct_period_20260922_v5/output/search/cases/case_006/evaluation/raw']' timed out after 3100 seconds

