-------------------------------------------------------------------------------
      name:  <unnamed>
       log:  /private/tmp/psid_original_timing_20260912b/local/baseline_complet
> e/original_native/estimation.log
  log type:  text
 opened on:  11 Sep 2026, 23:29:09

. use "/private/tmp/psid_original_timing_20260912b/analysis_sample.dta", clear
(PSID-SHELF, 1968–2019, Beta Release 2023.01. Long format. Compiled: 2023/10/11
> .)

. do "/Users/tommasodesanto/Desktop/Projects/Fertility/Fertility_Spring26/code/
> data/psid_followup_mar2026/audit_original_rooms_timing.do" original_native "/
> private/tmp/psid_original_timing_20260912b/local/baseline_complete/original_n
> ative"

. * Timing-only comparisons against the author's recognized regression.
. * These diagnostics intentionally retain original room codes and controls.
. * They cannot promote a replacement empirical target.
. version 17.0

. args mode outdir

. timer clear 1

. timer on 1

. if "`mode'" == "toy" {
.     clear
.     set seed 12092026
.     set obs 2400
.     gen long ID = ceil(_n/20)
.     bysort ID: gen int year = 1989+_n
.     gen int f_c_y = 1995 + 2*mod(ID,5)
.     gen double K = year-f_c_y
.     gen byte lastcohort = f_c_y==2003
.     gen byte AGEREP = 25+mod(ID,10)
.     gen byte EDUYEAR = 12+mod(ID,4)
.     gen double rooms = 4+ID/100+0.2*(K>=0)+rnormal()
.     sort ID year
.     by ID: gen double rooms_aligned = rooms[_n-1]
.     gen byte common_rooms = !missing(rooms,rooms_aligned)
.     gen byte cohort_has_reference = 1
.     gen byte cohort_has_m2 = 1
.     tempfile toydata
.     save `toydata'
.     foreach arm in original_native original_common aligned_common {
  2.         use `toydata', clear
  3.         do "audit_original_rooms_timing.do" `arm' "`outdir'/`arm'"
  4.     }
.     di "ORIGINAL_TIMING_TOY_PASS"
.     exit
. }

. capture mkdir "`outdir'"

. * Rows unusable in either fit are excluded by the original marksample/markout
> .
. * Remove them before allocating interactions, preserving the full cohort list
> .
. quietly levelsof f_c_y if lastcohort==0, local(cohorts_before)

. drop if missing(rooms,AGEREP,EDUYEAR) & missing(rooms_aligned,AGEREP,EDUYEAR)
(2,457,789 observations deleted)

. quietly levelsof f_c_y if lastcohort==0, local(cohorts_after)

. assert "`cohorts_before'" == "`cohorts_after'"

. if inlist("`mode'","original_common","aligned_common") keep if common_rooms

. if "`mode'" == "aligned_common" replace rooms = rooms_aligned

. assert inlist("`mode'","original_native","original_common","aligned_common")

. 
. * Verbatim event construction and command from the recognized Stata file.
. capture drop L*event F*event

. forvalues l = 0/10 {
  2.     gen L`l'event = K==`l'
  3. }

. gen L11event = (K>10 & K!=.)

. forvalues l = 1/5 {
  2.     gen F`l'event = K==-`l'
  3. }

. gen F7event = (K<-6 & K!=.)

. drop F2event

