Reading selected PSID columns...
Wrote PSID tenure-gradient targets to /Users/tommasodesanto/Desktop/Projects/Fertility/Fertility_Spring26/output/setup/empirical_laptop_20260919/r/run_output
        7.94 real         6.67 user         1.00 sys
          1260814336  maximum resident set size
                   0  average shared memory size
                   0  average unshared data size
                   0  average unshared stack size
               80376  page reclaims
                 404  page faults
                   0  swaps
                   0  block input operations
                   0  block output operations
                   0  messages sent
                   0  messages received
                   0  signals received
                 318  voluntary context switches
               10420  involuntary context switches
        142568867711  instructions retired
         31236698344  cycles elapsed
          1243563520  peak memory footprint
