-------------------------------------------------------------------------------
      name:  <unnamed>
       log:  /scratch/td2248/projects/Fertility_Spring26_rooms_v2_20260924/resu
> lts/H21/estimation.log
  log type:  text
 opened on:  24 Sep 2026, 10:25:24

. mata: mata mlib index
.mlib libraries to be searched are now
    lmatabase;lmataado;lmatabma;lmatacate;lmatacollect;lmatadata;lmataerm;lmata
> fc;lmatagsem;lmatah2o;lmatahetdid;lmataivqreg;lmatajm;lmatalasso;lmatamcmc;lm
> atameta;lmatami;lmatamixlog;lmatanumlib;lmataopt;lmatapath;lmatapostest;lmata
> pss;lmatarw;lmatasem;lmatasp;lmatasubexpr;lmatasvy;lmatatab;lmatats;lasdoc;li
> vreg2;lspmat

. use "/scratch/td2248/projects/Fertility_Spring26_rooms_v2_20260924/analysis_s
> ample.dta", clear
(PSID-SHELF, 1968–2019, Beta Release 2023.01. Long format. Compiled: 2023/10/11
> .)

. do "sa_rooms_first_birth_v2.do" H21 "/scratch/td2248/projects/Fertility_Sprin
> g26_rooms_v2_20260924/results/H21"

. * First-birth housing-space event study, version 2 (September 24, 2026).
. * Sun-Abraham interacted-cohort event study in two-year interview windows.
. * Arms:
. *   H    household design, baseline window -3/-2 (headline)
. *   H21  household design, baseline window -2/-1 (sensitivity)
. *   A    all-adult design, baseline window -3/-2 (robustness)
. * Household design: one woman per single-family-unit household-year (current
. * reference person or spouse), PSID longitudinal weight IW, first birth from
. * the full biological-child history, confirmed-childless women as the control
. * cohort, first birth no earlier than the woman's first adult observation.
. * All-adult design: every current adult 18+, unweighted, last first-birth
. * cohort as control cohort, first child record as in the original code.
. * Rooms: official year-specific PSID variables merged to the interview year;
. * codes 9 (through 1984), 99 (1985-1993), 98/99 (1994 on) set to missing.
. version 17.0

. args mode outdir

. timer clear 1

. timer on 1

. if "`mode'" == "toy" {
.     capture mkdir "`outdir'"
.     clear
.     set seed 24092026
.     set obs 8000
.     gen long ID = ceil(_n/40)
.     bysort ID: gen int year = 1979+_n
.     keep if year<=1997 | mod(year,2)==1
.     gen double bio_first_year = 1985+3*mod(ID,7)
.     replace bio_first_year = . if mod(ID,5)==0
.     gen double relchi1_year = bio_first_year
.     replace relchi1_year = bio_first_year-1 if mod(ID,13)==0
.     gen double K = year-bio_first_year
.     gen double rooms = 4+ID/100+0.2*(K>=0 & !missing(K))+rnormal()
.     gen byte AGEREP = 25+mod(ID,10)
.     gen byte EDUYEAR = 12+mod(ID,4)
.     gen double relchirep_max = cond(missing(bio_first_year), cond(mod(ID,10)=
> =0,0,1), 1)
.     replace relchirep_max = . if mod(ID,17)==0 & missing(bio_first_year)
.     gen byte woman = mod(ID,2)==0
.     gen byte current = 1
.     gen double rel = 1+mod(ID,3)
.     gen double hhid = ceil(ID/2)
.     gen double fid = hhid
.     gen int n_current_fids = 1+(mod(hhid,9)==0)
.     gen double iw = 1+mod(ID,4)
.     replace iw = 0 if mod(ID,19)==0
.     bysort ID: egen double year_entry_adult = min(year)
.     drop K
.     tempfile toydata
.     save `toydata'
.     foreach arm in H H21 A {
  2.         use `toydata', clear
  3.         do "sa_rooms_first_birth_v2.do" `arm' "`outdir'/`arm'"
  4.     }
.     di "ROOMS_V2_TOY_PASS"
.     exit
. }

. assert inlist("`mode'","H","H21","A")

. capture mkdir "`outdir'"

. local baseline_lo = cond("`mode'"=="H21", -2, -3)

. local baseline_hi = cond("`mode'"=="H21", -1, -2)

. 
. keep if current & !missing(rooms, AGEREP, EDUYEAR) & AGEREP >= 18
(341,594 observations deleted)

. if "`mode'" == "A" {
.     * All adults; first child record; untreated = no recorded first child.
.     gen double f_c_y = relchi1_year
.     drop if !missing(f_c_y) & f_c_y < year_entry_adult
.     quietly summarize f_c_y
.     gen byte control = f_c_y == r(max)
.     local weightspec ""
. }

. else {
.     keep if woman & inlist(rel,1,2)
(272,294 observations deleted)
.     keep if !missing(iw) & iw > 0
(66,819 observations deleted)
.     keep if !missing(hhid) & hhid > 0 & !missing(fid) & fid > 0 & n_current_f
> ids == 1
(28,006 observations deleted)
.     gen byte priority = rel != 1
.     sort hhid year priority ID
.     by hhid year: keep if _n == 1
(1 observation deleted)
.     drop priority
.     isid hhid year
.     gen double f_c_y = bio_first_year
(28,204 missing values generated)
.     drop if missing(f_c_y) & !(relchirep_max == 0)
(11,278 observations deleted)
.     drop if !missing(f_c_y) & f_c_y < year_entry_adult
(72,496 observations deleted)
.     gen byte control = missing(f_c_y) & relchirep_max == 0
.     local weightspec "[pw=iw]"
. }

. gen double K = year - f_c_y
(16,926 missing values generated)

. 
. * Cohort support: every treated cohort must be observed in the baseline windo
> w.
. gen byte in_reference = inrange(K,`baseline_lo',`baseline_hi')

. bysort f_c_y: egen long reference_rows = total(in_reference)

. gen byte treated = !missing(f_c_y) & control==0

. gen byte unsupported = treated & reference_rows==0

. preserve

.     gen long rows = 1

.     collapse (sum) rows (max) unsupported, by(f_c_y K control)

.     export delimited using "`outdir'/input_support.csv", replace
(file
    /scratch/td2248/projects/Fertility_Spring26_rooms_v2_20260924/results/H21
    > /input_support.csv not found)
file /scratch/td2248/projects/Fertility_Spring26_rooms_v2_20260924/results/H21/
> input_support.csv saved

. restore

. quietly count if unsupported

. local dropped_rows = r(N)

. quietly levelsof f_c_y if unsupported, local(dropped_cohorts) separate(" ")

. drop if unsupported
(5,676 observations deleted)

. drop in_reference reference_rows unsupported treated

. 
. local b = `baseline_hi'

. gen byte Wleft = K<=`b'-6 & !missing(K)

. gen byte Wm2 = inrange(K,`b'-5,`b'-4)

. gen byte Wm1 = inrange(K,`b'-3,`b'-2)

. gen byte Wp1 = inrange(K,`b'+1,`b'+2)

. gen byte Wp2 = inrange(K,`b'+3,`b'+4)

. gen byte Wp3 = inrange(K,`b'+5,`b'+6)

. gen byte Wp4 = inrange(K,`b'+7,`b'+8)

. gen byte Wp5 = inrange(K,`b'+9,`b'+10)

. gen byte Wp6 = inrange(K,`b'+11,`b'+12)

. gen byte Wright = K>=`b'+13 & !missing(K)

. local dummies Wleft Wm2 Wm1 Wp1 Wp2 Wp3 Wp4 Wp5 Wp6 Wright

. gen byte checksum = Wleft+Wm2+Wm1+Wp1+Wp2+Wp3+Wp4+Wp5+Wp6+Wright

. assert checksum+inrange(K,`baseline_lo',`baseline_hi')==1 if !missing(K)

. assert checksum==0 if missing(K)

. drop checksum

. local headline = cond("`mode'"=="H21", "Wp2", "Wp3")

. 
. quietly count

. local input_obs = r(N)

. eventstudyinteract rooms `dummies' `weightspec', ///
>     vce(cluster ID) absorb(ID year) cohort(f_c_y) control_cohort(control) ///
>     covariates(i.AGEREP i.EDUYEAR)
(obs=1,359,069)

IW estimates for dynamic effects                        Number of obs = 65,053
Absorbing 2 HDFE groups                                 F(510, 5380)  =  37.31
                                                        Prob > F      = 0.0000
                                                        R-squared     = 0.6225
                                                        Adj R-squared = 0.5846
                                                        Root MSE      = 1.4582
                                 (Std. err. adjusted for 5,381 clusters in ID)
------------------------------------------------------------------------------
             |               Robust
       rooms | Coefficient  std. err.      t    P>|t|     [95% conf. interval]
-------------+----------------------------------------------------------------
       Wleft |  -.6382166   .1042614    -6.12   0.000    -.8426112    -.433822
         Wm2 |  -.6122388   .0816337    -7.50   0.000    -.7722739   -.4522037
         Wm1 |  -.3592903   .0573739    -6.26   0.000    -.4717664   -.2468142
         Wp1 |   .4908394   .0460168    10.67   0.000     .4006279    .5810509
         Wp2 |   .7632853    .058914    12.96   0.000       .64779    .8787807
         Wp3 |   .9115183    .067633    13.48   0.000     .7789302    1.044106
         Wp4 |    1.02059   .0758795    13.45   0.000      .871835    1.169344
         Wp5 |   1.042138   .0864151    12.06   0.000     .8727293    1.211546
         Wp6 |   1.053258   .0954585    11.03   0.000     .8661208    1.240396
      Wright |   .8634085    .119507     7.22   0.000     .6291263    1.097691
------------------------------------------------------------------------------

. 
. matrix b = e(b_iw)

. matrix V = e(V_iw)

. local n = e(N)

. local clusters = e(N_clust)

. local h = colnumb("b","`headline'")

. assert !missing(`h') & `h'>0

. local effect = b[1,`h']

. local effect_se = sqrt(V[`h',`h'])

. assert !missing(`effect',`effect_se') & `effect_se'>0

. if "`weightspec'" == "" {
.     quietly summarize rooms if e(sample) & inrange(K,`baseline_lo',`baseline_
> hi')
. }

. else {
.     quietly summarize rooms [aw=iw] if e(sample) & inrange(K,`baseline_lo',`b
> aseline_hi')
. }

. local premean = r(mean)

. quietly count if e(sample) & control

. local control_rows = r(N)

. egen byte ctag = tag(ID) if e(sample) & control

. quietly count if ctag

. local control_ids = r(N)

. egen byte ttag = tag(ID) if e(sample) & !control & !missing(f_c_y)

. quietly count if ttag

. local treated_ids = r(N)

. drop ctag ttag

. preserve

.     keep if e(sample)
(534 observations deleted)

.     sort ID year

.     export delimited ID year using "`outdir'/private_sample_keys.csv", replac
> e
(file
    /scratch/td2248/projects/Fertility_Spring26_rooms_v2_20260924/results/H21
    > /private_sample_keys.csv not found)
file /scratch/td2248/projects/Fertility_Spring26_rooms_v2_20260924/results/H21/
> private_sample_keys.csv saved

.     gen byte in_reference = inrange(K,`baseline_lo',`baseline_hi')

.     bysort f_c_y: egen long reference_rows = total(in_reference)

.     quietly count if !missing(f_c_y) & control==0 & reference_rows==0

.     local fitted_unsupported = r(N)

.     gen long rows = 1

.     collapse (sum) rows, by(f_c_y K control)

.     export delimited using "`outdir'/fitted_support.csv", replace
(file
    /scratch/td2248/projects/Fertility_Spring26_rooms_v2_20260924/results/H21
    > /fitted_support.csv not found)
file /scratch/td2248/projects/Fertility_Spring26_rooms_v2_20260924/results/H21/
> fitted_support.csv saved

. restore

. local names : colnames b

. tempname points covariance

. postfile `points' str20 coefficient double estimate standard_error using "`ou
> tdir'/coefficients.dta", replace
(file
    /scratch/td2248/projects/Fertility_Spring26_rooms_v2_20260924/results/H21
    > /coefficients.dta not found)

. postfile `covariance' str20 coefficient_i str20 coefficient_j double covarian
> ce using "`outdir'/covariance.dta", replace
(file
    /scratch/td2248/projects/Fertility_Spring26_rooms_v2_20260924/results/H21
    > /covariance.dta not found)

. forvalues i = 1/`=colsof(b)' {
  2.     local name : word `i' of `names'
  3.     post `points' ("`name'") (b[1,`i']) (sqrt(V[`i',`i']))
  4.     forvalues j = 1/`=colsof(b)' {
  5.         local other : word `j' of `names'
  6.         post `covariance' ("`name'") ("`other'") (V[`i',`j'])
  7.     }
  8. }

. postclose `points'

. postclose `covariance'

. preserve

.     use "`outdir'/coefficients.dta", clear

.     format estimate standard_error %24.17g

.     export delimited using "`outdir'/coefficients.csv", replace
(file
    /scratch/td2248/projects/Fertility_Spring26_rooms_v2_20260924/results/H21
    > /coefficients.csv not found)
file /scratch/td2248/projects/Fertility_Spring26_rooms_v2_20260924/results/H21/
> coefficients.csv saved

.     use "`outdir'/covariance.dta", clear

.     format covariance %24.17g

.     export delimited using "`outdir'/covariance.csv", replace
(file
    /scratch/td2248/projects/Fertility_Spring26_rooms_v2_20260924/results/H21
    > /covariance.csv not found)
file /scratch/td2248/projects/Fertility_Spring26_rooms_v2_20260924/results/H21/
> covariance.csv saved

. restore

. timer off 1

. quietly timer list 1

. local seconds = r(t1)

. clear

. set obs 1
Number of observations (_N) was 0, now 1.

. gen str8 arm = "`mode'"

. gen int baseline_lo = `baseline_lo'

. gen int baseline_hi = `baseline_hi'

. gen double input_observations = `input_obs'

. gen double observations = `n'

. gen double clusters = `clusters'

. gen double treated_individuals = `treated_ids'

. gen double control_individuals = `control_ids'

. gen double control_rows = `control_rows'

. gen str12 headline = "`headline'"

. gen double headline_effect = `effect'

. gen double headline_se = `effect_se'

. gen double reference_mean_rooms = `premean'

. gen long dropped_unsupported_rows = `dropped_rows'

. gen str120 dropped_cohorts = "`dropped_cohorts'"

. gen long fitted_unsupported_rows = `fitted_unsupported'

. gen str12 weights = cond("`weightspec'"=="","none","pw=IW")

. gen double runtime_seconds = `seconds'

. format headline_effect headline_se reference_mean_rooms %24.17g

. export delimited using "`outdir'/fit_receipt.csv", replace
(file
    /scratch/td2248/projects/Fertility_Spring26_rooms_v2_20260924/results/H21
    > /fit_receipt.csv not found)
file /scratch/td2248/projects/Fertility_Spring26_rooms_v2_20260924/results/H21/
> fit_receipt.csv saved

. di "ROOMS_V2_ARM_PASS `mode'"
ROOMS_V2_ARM_PASS H21

. 
end of do-file

. 
end of do-file
