During startup - Warning messages:
1: Setting LC_CTYPE failed, using "C" 
2: Setting LC_COLLATE failed, using "C" 
3: Setting LC_TIME failed, using "C" 
4: Setting LC_MESSAGES failed, using "C" 
5: Setting LC_MONETARY failed, using "C" 
Warning message:
package 'data.table' was built under R version 4.5.1 
START 2026-09-10 16:35:17 one selected-column raw pass
READ_DONE 3533123 rows 2026-09-10 16:35:30
OLD_DONE pooled_1984_2019 point 3.44811075444552 se 0.132477154936326
OLD_DONE initial_2005_2007 point 3.36913580426896 se 0.395226870915717
OLD_DONE initial_2003_2007 point 3.57111988456851 se 0.285920049079386
OLD_DONE initial_2007 point 3.40632268542094 se 0.513788171594512
OLD_DONE preannouncement_2003_2005 point 3.51593508651872 se 0.306910785103348
OLD_DONE preannouncement_2005 point 3.38001609315094 se 0.46458868865156
AGG_DONE pooled_2005_2019 point 6.87307721116358 se 0.398836186492838
AGG_DONE initial_2005_2007 point 6.92658379107299 se 0.417310142072186
AGG_DONE initial_2003_2007 point 6.5808578083768 se 0.361876276552301
AGG_DONE initial_2007 point 7.36402813960403 se 0.513215437560792
AGG_DONE preannouncement_2003_2005 point 6.14586139445743 se 0.36285515343369
AGG_DONE preannouncement_2005 point 6.45244794182233 se 0.394279870875463
COMPLETE 2026-09-10 16:35:39
