Traceback (most recent call last):
  File "/scratch/td2248/projects/Fertility_Spring26_native_financing_20260919a/utility_overnight_20260923_v1/tools/run_e5f_utility_overnight.py", line 485, in <module>
    main()
    ~~~~^^
  File "/scratch/td2248/projects/Fertility_Spring26_native_financing_20260919a/utility_overnight_20260923_v1/tools/run_e5f_utility_overnight.py", line 474, in main
    result = finalize(manifest, args.task_id, args.output_root)
  File "/scratch/td2248/projects/Fertility_Spring26_native_financing_20260919a/utility_overnight_20260923_v1/tools/run_e5f_utility_overnight.py", line 434, in finalize
    "signature_sha256": canon(signature),
                        ~~~~~^^^^^^^^^^^
  File "/scratch/td2248/projects/Fertility_Spring26_native_financing_20260919a/utility_overnight_20260923_v1/tools/run_e5f_utility_overnight.py", line 58, in canon
    return hashlib.sha256(json.dumps(data, sort_keys=True, separators=(",", ":"), allow_nan=False).encode()).hexdigest()
                          ~~~~~~~~~~^^^^^^^^^^^^^^^^^^^^^^^^^^^^^^^^^^^^^^^^^^^^^^^^^^^^^^^^^^^^^^
  File "/share/apps/anaconda3/2025.06/lib/python3.13/json/__init__.py", line 238, in dumps
    **kw).encode(obj)
          ~~~~~~^^^^^
  File "/share/apps/anaconda3/2025.06/lib/python3.13/json/encoder.py", line 200, in encode
    chunks = self.iterencode(o, _one_shot=True)
  File "/share/apps/anaconda3/2025.06/lib/python3.13/json/encoder.py", line 261, in iterencode
    return _iterencode(o, 0)
ValueError: Out of range float values are not JSON compliant: nan
