Traceback (most recent call last):
  File "/scratch/td2248/projects/Fertility_Spring26_native_financing_20260919a/utility_overnight_20260923_v1/tools/run_e5f_preference_share_candidate.py", line 260, in <module>
    if __name__=='__main__': main()
                             ~~~~^^
  File "/scratch/td2248/projects/Fertility_Spring26_native_financing_20260919a/utility_overnight_20260923_v1/tools/run_e5f_preference_share_candidate.py", line 258, in main
    else: print(json.dumps(run_case(args.plan,plan,args.arm,args.output,args.repetitions)))
                           ~~~~~~~~^^^^^^^^^^^^^^^^^^^^^^^^^^^^^^^^^^^^^^^^^^^^^^^^^^^^^^
  File "/scratch/td2248/projects/Fertility_Spring26_native_financing_20260919a/utility_overnight_20260923_v1/tools/run_e5f_preference_share_candidate.py", line 233, in run_case
    result = earnings.run_case(plan_path, plan, arm, output, repetitions, preflight)
  File "/scratch/td2248/projects/Fertility_Spring26_native_financing_20260919a/utility_overnight_20260923_v1/tools/run_e5f_earnings_wealth_candidate.py", line 240, in run_case
    result = wrapper.run(str(output / "run_contract.json"), digest(output / "run_contract.json"),
                         output / "evaluation")
  File "/scratch/td2248/projects/Fertility_Spring26_native_financing_20260919a/utility_overnight_20260923_v1/tools/run_e5f_earnings_wealth_scored_candidate.py", line 227, in run
    run_child([sys.executable,str(root/DRIVER),'--contract',str(files['initial_solve_contract']),
    ~~~~~~~~~^^^^^^^^^^^^^^^^^^^^^^^^^^^^^^^^^^^^^^^^^^^^^^^^^^^^^^^^^^^^^^^^^^^^^^^^^^^^^^^^^^^^
        '--contract-sha256',c['initial_solve_contract']['sha256'],'--case','new_balanced',
        ^^^^^^^^^^^^^^^^^^^^^^^^^^^^^^^^^^^^^^^^^^^^^^^^^^^^^^^^^^^^^^^^^^^^^^^^^^^^^^^^^^
        '--output',str(out/'raw')],cwd=root,env=env,log=out/'initial_solve.log',
        ^^^^^^^^^^^^^^^^^^^^^^^^^^^^^^^^^^^^^^^^^^^^^^^^^^^^^^^^^^^^^^^^^^^^^^^^
        seconds=min(initial['seconds'],remaining()))
        ^^^^^^^^^^^^^^^^^^^^^^^^^^^^^^^^^^^^^^^^^^^^
  File "/scratch/td2248/projects/Fertility_Spring26_native_financing_20260919a/utility_overnight_20260923_v1/tools/run_e5f_earnings_wealth_candidate.py", line 237, in child
    return original_child(command, **kwargs)
  File "/scratch/td2248/projects/Fertility_Spring26_native_financing_20260919a/utility_overnight_20260923_v1/tools/run_e5f_earnings_wealth_scored_candidate.py", line 142, in run_child
    require(code==0,f'Child failed with exit {code}; see {log}')
    ~~~~~~~^^^^^^^^^^^^^^^^^^^^^^^^^^^^^^^^^^^^^^^^^^^^^^^^^^^^^
  File "/scratch/td2248/projects/Fertility_Spring26_native_financing_20260919a/utility_overnight_20260923_v1/tools/run_e5f_earnings_wealth_scored_candidate.py", line 37, in require
    raise ValueError(message)
ValueError: Child failed with exit 1; see /scratch/td2248/projects/Fertility_Spring26_native_financing_20260919a/utility_overnight_20260923_v1/results/production/B_floor/worker07_proposal03/result/evaluation/initial_solve.log
