WARNING: While bind mounting '/scratch/td2248/projects/utility_share_A_decomposition_v1/source/code/model/tools/e5f_evening_calibration_runtime.py:/Users/tommasodesanto/Desktop/Projects/Fertility/Fertility_Spring26/code/model/tools/e5f_evening_calibration_runtime.py': destination is already in the mount point list
WARNING: While bind mounting '/scratch/td2248/projects/utility_share_A_decomposition_v1/source/output/model/fertility_identification_20260928/contract_v1/primary_objective.json:/Users/tommasodesanto/Desktop/Projects/Fertility/Fertility_Spring26/output/model/fertility_identification_20260928/contract_v1/primary_objective.json': destination is already in the mount point list
WARNING: While bind mounting '/scratch/td2248/projects/utility_share_A_decomposition_v1/source/output/model/fertility_identification_20260928/two_stream_overnight_v1/config.json:/Users/tommasodesanto/Desktop/Projects/Fertility/Fertility_Spring26/output/model/fertility_identification_20260928/two_stream_overnight_v1/config.json': destination is already in the mount point list
WARNING: While bind mounting '/scratch/td2248/projects/utility_share_A_decomposition_v1/source/output/model/fertility_identification_20260928/two_stream_overnight_v1/search.py:/Users/tommasodesanto/Desktop/Projects/Fertility/Fertility_Spring26/output/model/fertility_identification_20260928/two_stream_overnight_v1/search.py': destination is already in the mount point list
Traceback (most recent call last):
  File "/Users/tommasodesanto/Desktop/Projects/Fertility/Fertility_Spring26/output/model/fixed_reference_economics_20260928/utility_share_A_decomposition_v1/runner.py", line 229, in <module>
    if __name__=='__main__':main()
                            ~~~~^^
  File "/Users/tommasodesanto/Desktop/Projects/Fertility/Fertility_Spring26/output/model/fixed_reference_economics_20260928/utility_share_A_decomposition_v1/runner.py", line 222, in main
    if args.mode=='initialize-only':initialize(args.output);return
                                    ~~~~~~~~~~^^^^^^^^^^^^^
  File "/Users/tommasodesanto/Desktop/Projects/Fertility/Fertility_Spring26/output/model/fixed_reference_economics_20260928/utility_share_A_decomposition_v1/runner.py", line 51, in initialize
    ge=load('share_A_ge_validation',ECON/'entry_calibration_pilot_v1/phase_b_pilot.py')
  File "/Users/tommasodesanto/Desktop/Projects/Fertility/Fertility_Spring26/output/model/fixed_reference_economics_20260928/utility_share_A_decomposition_v1/runner.py", line 25, in load
    spec=importlib.util.spec_from_file_location(name,path);module=importlib.util.module_from_spec(spec);sys.modules[name]=module;spec.loader.exec_module(module);return module
                                                                                                                                 ~~~~~~~~~~~~~~~~~~~~~~~^^^^^^^^
  File "<frozen importlib._bootstrap_external>", line 1026, in exec_module
  File "<frozen importlib._bootstrap>", line 488, in _call_with_frames_removed
  File "/Users/tommasodesanto/Desktop/Projects/Fertility/Fertility_Spring26/output/model/fixed_reference_economics_20260928/entry_calibration_pilot_v1/phase_b_pilot.py", line 21, in <module>
    from single_price import solve_fixed_price
ModuleNotFoundError: No module named 'single_price'
